[www.cimcoinc.net/index.html]
[backblue.gif]
[fade.gif]
[index.html]
[www.cimcoinc.net/indexc0d0.php]
[www.cimcoinc.net/index7b17.php]
[www.cimcoinc.net/templates/joomspirit_70/favicon.ico]
[www.cimcoinc.net/modules/mod_ariimageslider/mod_ariimageslider/js/themes/nivo-slider.css]
[www.cimcoinc.net/modules/mod_ariimageslider/mod_ariimageslider/js/themes/default/style.css]
[www.cimcoinc.net/media/system/js/caption.js]
[ajax.googleapis.com/ajax/libs/jquery/1.4.4/jquery.min.js]
[www.cimcoinc.net/modules/mod_ariimageslider/mod_ariimageslider/js/jquery.noconflict.js]
[www.cimcoinc.net/templates/system/css/general.css]
[www.cimcoinc.net/templates/joomspirit_70/css/main.css]
[www.cimcoinc.net/modules/mod_ariimageslider/mod_ariimageslider/js/jquery.nivo.slider.js]
[www.cimcoinc.net/plugins/system/mtupgrade/mootools.js]
[www.cimcoinc.net/templates/joomspirit_70/css/nav.css]
[www.cimcoinc.net/templates/joomspirit_70/css/template.css]
[www.cimcoinc.net/templates/joomspirit_70/css/theme_red.css]
[www.cimcoinc.net/templates/joomspirit_70/css/dynamic_csscf37.css]
[www.cimcoinc.net/templates/joomspirit_70/css/media_queries.css]
[www.cimcoinc.net/templates/joomspirit_70/css/print.css]
[www.cimcoinc.net/index-2.html]
[www.cimcoinc.net/images/stories/logo.gif]
[www.cimcoinc.net/index.php/about-us-who-we-are.html]
[www.cimcoinc.net/index.php/jobs.html]
[www.cimcoinc.net/index.php/services-provided.html]
[www.cimcoinc.net/index.php/services-provided/millwright.html]
[www.cimcoinc.net/index.php/services-provided/maintenance.html]
[www.cimcoinc.net/index.php/services-provided/utility-contractor.html]
[www.cimcoinc.net/index.php/services-provided/foundations.html]
[www.cimcoinc.net/index.php/services-provided/safety.html]
[www.cimcoinc.net/index.php/contact-us.html]
[www.cimcoinc.net/images/slide/100_0060-001.jpg]
[www.cimcoinc.net/images/slide/100_0147.jpg]
[www.cimcoinc.net/images/slide/100_0150.jpg]
[www.cimcoinc.net/images/slide/146.jpg]
[www.cimcoinc.net/images/slide/ACME PHOTO1.jpg]
[www.cimcoinc.net/images/slide/DSC01393.jpg]
[www.cimcoinc.net/images/slide/scan0001.jpg]
[www.cimcoinc.net/images/slide/scan008001.jpg]
[www.cimcoinc.net/welcomeaa5a.pdf]
[www.cimcoinc.net/templates/joomspirit_70/images/pdf_button.png]
[www.cimcoinc.net/index0bf8.html]
[www.cimcoinc.net/templates/joomspirit_70/images/printButton.png]
[www.cimcoinc.net/templates/joomspirit_70/images/emailButton.png]
[www.cimcoinc.net/index.php/component/mailto/index3673.html]
[www.cimcoinc.net/images/stories/fullscreen capture 332012 92029 pm.bmp.jpg]
[apis.google.com/js/plusone.js]
[www.cimcoinc.net/index.html]
[www.cimcoinc.net/modules/mod_ariimageslider/mod_ariimageslider/js/themes/nivo-slider.css]
[www.cimcoinc.net/modules/mod_ariimageslider/mod_ariimageslider/js/themes/default/images/loading.gif]
[www.cimcoinc.net/modules/mod_ariimageslider/mod_ariimageslider/js/themes/default/images/bullets.png]
[www.cimcoinc.net/modules/mod_ariimageslider/mod_ariimageslider/js/themes/default/images/arrows.png]
[www.cimcoinc.net/modules/mod_ariimageslider/mod_ariimageslider/js/themes/default/style.css]
[www.cimcoinc.net/templates/system/images/j_button2_left.png]
[www.cimcoinc.net/templates/system/images/j_button2_right.png]
[www.cimcoinc.net/templates/system/images/j_button2_image.png]
[www.cimcoinc.net/templates/system/images/j_button2_readmore.png]
[www.cimcoinc.net/templates/system/images/j_button2_pagebreak.png]
[www.cimcoinc.net/templates/system/images/j_button2_blank.png]
[www.cimcoinc.net/templates/system/images/selector-arrow.png]
[www.cimcoinc.net/templates/system/images/calendar.png]
[www.cimcoinc.net/templates/system/css/general.css]
[www.cimcoinc.net/images/stories/header1.jpg]
[www.cimcoinc.net/templates/joomspirit_70/images/white-10.png]
[www.cimcoinc.net/templates/joomspirit_70/images/white-80.png]
[www.cimcoinc.net/templates/joomspirit_70/images/black-07.png]
[www.cimcoinc.net/templates/joomspirit_70/images/white-20.png]
[www.cimcoinc.net/templates/joomspirit_70/images/black-05.png]
[www.cimcoinc.net/templates/joomspirit_70/images/black-04.png]
[www.cimcoinc.net/templates/joomspirit_70/css/main.css]
[www.cimcoinc.net/templates/joomspirit_70/images/gradient-menu.png]
[www.cimcoinc.net/templates/joomspirit_70/css/nav.css]
[www.cimcoinc.net/templates/joomspirit_70/images/puce-link.png]
[www.cimcoinc.net/templates/joomspirit_70/images/list_bullet.png]
[www.cimcoinc.net/templates/joomspirit_70/images/list_normal.png]
[www.cimcoinc.net/templates/joomspirit_70/images/list_check.png]
[www.cimcoinc.net/templates/joomspirit_70/images/list_arrow.png]
[www.cimcoinc.net/templates/joomspirit_70/images/list_circle.png]
[www.cimcoinc.net/templates/joomspirit_70/images/list_normal_red.png]
[www.cimcoinc.net/templates/joomspirit_70/images/list_arrow_red.png]
[www.cimcoinc.net/templates/joomspirit_70/images/list_check_red.png]
[www.cimcoinc.net/templates/joomspirit_70/images/list_circle_red.png]
[www.cimcoinc.net/templates/joomspirit_70/images/quote_black.png]
[www.cimcoinc.net/templates/joomspirit_70/images/quote_red.png]
[www.cimcoinc.net/templates/joomspirit_70/images/quote_green.png]
[www.cimcoinc.net/templates/joomspirit_70/images/quote_pink.png]
[www.cimcoinc.net/templates/joomspirit_70/images/quote_white.png]
[www.cimcoinc.net/templates/joomspirit_70/images/quote_blue.png]
[www.cimcoinc.net/templates/joomspirit_70/images/quote_black_end.png]
[www.cimcoinc.net/templates/joomspirit_70/images/quote_red_end.png]
[www.cimcoinc.net/templates/joomspirit_70/images/quote_green_end.png]
[www.cimcoinc.net/templates/joomspirit_70/images/quote_pink_end.png]
[www.cimcoinc.net/templates/joomspirit_70/images/quote_white_end.png]
[www.cimcoinc.net/templates/joomspirit_70/images/quote_blue_end.png]
[www.cimcoinc.net/templates/joomspirit_70/images/logo_info.png]
[www.cimcoinc.net/templates/joomspirit_70/font/josefinsansstd-light-webfont.eot]
[www.cimcoinc.net/templates/joomspirit_70/font/josefinsansstd-light-webfont.woff]
[www.cimcoinc.net/templates/joomspirit_70/font/josefinsansstd-light-webfont.ttf]
[www.cimcoinc.net/templates/joomspirit_70/css/template.css]
[www.cimcoinc.net/templates/joomspirit_70/css/theme_red.css]
[www.cimcoinc.net/templates/joomspirit_70/css/dynamic_csscf37.css]
[www.cimcoinc.net/templates/joomspirit_70/images/bg-menu.png]
[www.cimcoinc.net/templates/joomspirit_70/css/media_queries.css]
[www.cimcoinc.net/templates/joomspirit_70/images/black-03.png]
[www.cimcoinc.net/templates/joomspirit_70/css/print.css]
[www.cimcoinc.net/index-2.html]
[www.cimcoinc.net/index.php/about-us468e.pdf]
[www.cimcoinc.net/index.php/about-us-who-we-areabf8.html]
[www.cimcoinc.net/index.php/about-us-who-we-are.html]
[www.cimcoinc.net/index.php/component/mailto/indexf406.html]
[www.cimcoinc.net/index.php/jobs.html]
[www.cimcoinc.net/components/com_chronoforms/css/frontforms.css]
[www.cimcoinc.net/index.php/services468e.pdf]
[www.cimcoinc.net/index.php/services-providedabf8.html]
[www.cimcoinc.net/index.php/services-provided.html]
[www.cimcoinc.net/index.php/component/mailto/index164c.html]
[www.cimcoinc.net/index.php/services-provided/millwright468e.pdf]
[www.cimcoinc.net/index.php/services-provided/millwrightabf8.html]
[www.cimcoinc.net/images/stories/0314121541a.jpg]
[www.cimcoinc.net/index.php/component/mailto/index986b.html]
[www.cimcoinc.net/images/stories/0314121541.jpg]
[www.cimcoinc.net/index.php/services-provided/millwright.html]
[www.cimcoinc.net/index.php/services-provided/maintenance468e.pdf]
[www.cimcoinc.net/index.php/services-provided/maintenanceabf8.html]
[www.cimcoinc.net/index.php/services-provided/maintenance.html]
[www.cimcoinc.net/index.php/component/mailto/index8473.html]
[www.cimcoinc.net/index.php/services-provided/utility-contractor468e.pdf]
[www.cimcoinc.net/index.php/services-provided/utility-contractorabf8.html]
[www.cimcoinc.net/index.php/services-provided/utility-contractor.html]
[www.cimcoinc.net/index.php/component/mailto/index7099.html]
[www.cimcoinc.net/index.php/services-provided/foundations468e.pdf]
[www.cimcoinc.net/index.php/services-provided/foundationsabf8.html]
[www.cimcoinc.net/index.php/services-provided/foundations.html]
[www.cimcoinc.net/index.php/component/mailto/indexe864.html]
[www.cimcoinc.net/index.php/services-provided/safety468e.pdf]
[www.cimcoinc.net/index.php/services-provided/safetyabf8.html]
[www.cimcoinc.net/images/stories/safety_matters.gif]
[www.cimcoinc.net/index.php/services-provided/safety.html]
[www.cimcoinc.net/index.php/component/mailto/index8f34.html]
[www.cimcoinc.net/index.php/contact-us468e.pdf]
[www.cimcoinc.net/index.php/contact-usabf8.html]
[www.cimcoinc.net/index.php/contact-us.html]
[www.cimcoinc.net/index.php/component/mailto/indexa3d8.html]
[www.cimcoinc.net/index0bf8.html]
[www.cimcoinc.net/components/com_mailto/assets/close-x.png]
[www.cimcoinc.net/index.php/component/mailto/index3673.html]
[www.cimcoinc.net/templates/system/images/j_button2_right.html]
[www.cimcoinc.net/templates/joomspirit_70/font/josefinsansstd-light-webfont.svg]
[www.cimcoinc.net/index.php/about-us-who-we-areabf8.html]
[www.cimcoinc.net/index.php/component/mailto/indexf406.html]
[www.cimcoinc.net/components/com_chronoforms/css/frontforms.css]
[www.cimcoinc.net/index.php/services-providedabf8.html]
[www.cimcoinc.net/index.php/component/mailto/index164c.html]
[www.cimcoinc.net/index.php/services-provided/millwrightabf8.html]
[www.cimcoinc.net/index.php/component/mailto/index986b.html]
[www.cimcoinc.net/index.php/services-provided/maintenanceabf8.html]
[www.cimcoinc.net/index.php/component/mailto/index8473.html]
[www.cimcoinc.net/index.php/services-provided/utility-contractorabf8.html]
[www.cimcoinc.net/index.php/component/mailto/index7099.html]
[www.cimcoinc.net/index.php/services-provided/foundationsabf8.html]
[www.cimcoinc.net/index.php/component/mailto/indexe864.html]
[www.cimcoinc.net/index.php/services-provided/safetyabf8.html]
[www.cimcoinc.net/index.php/component/mailto/index8f34.html]
[www.cimcoinc.net/index.php/contact-usabf8.html]
[www.cimcoinc.net/index.php/component/mailto/indexa3d8.html]
